
> frontend@0.0.0 build
> vite build

[31mfailed to load config from D:\Projects\Debate\25_1226_Debate-004\frontend-vercel\vite.config.js[39m
[31merror during build:
Error [ERR_MODULE_NOT_FOUND]: Cannot find package 'dotenv' imported from D:\Projects\Debate\25_1226_Debate-004\frontend-vercel\node_modules\.vite-temp\vite.config.js.timestamp-1769049167896-fd31331f437b48.mjs
    at Object.getPackageJSONURL (node:internal/modules/package_json_reader:316:9)
    at packageResolve (node:internal/modules/esm/resolve:768:81)
    at moduleResolve (node:internal/modules/esm/resolve:858:18)
    at defaultResolve (node:internal/modules/esm/resolve:990:11)
    at #cachedDefaultResolve (node:internal/modules/esm/loader:718:20)
    at #resolveAndMaybeBlockOnLoaderThread (node:internal/modules/esm/loader:735:38)
    at ModuleLoader.resolveSync (node:internal/modules/esm/loader:764:52)
    at #resolve (node:internal/modules/esm/loader:700:17)
    at ModuleLoader.getOrCreateModuleJob (node:internal/modules/esm/loader:620:35)
    at ModuleJob.syncLink (node:internal/modules/esm/module_job:143:33)[39m
